<?xml version="1.0" encoding="UTF-8"?>
<TestRun id="12725c02-bb47-4673-92e5-f5db71935033" name="Omar@OMAR-PC 2012-07-03 15:36:58" runUser="Omar-PC\Omar" xmlns="http://microsoft.com/schemas/VisualStudio/TeamTest/2010">
  <TestSettings name="Local" id="e8b14e4a-3ec1-4273-9fab-e1255ea8e658">
    <Description>These are default test settings for a local test run.</Description>
    <Deployment enabled="false" runDeploymentRoot="Omar_OMAR-PC 2012-07-03 15_36_58">
      <DeploymentItem filename="C:\Users\Omar\Downloads\KruskalAlgorithm\Kruskal\bin\Debug\Kruskal.dll" />
    </Deployment>
    <Execution>
      <TestTypeSpecific />
      <AgentRule name="Execution Agents">
      </AgentRule>
    </Execution>
  </TestSettings>
  <Times creation="2012-07-03T15:36:58.1570717+02:00" queuing="2012-07-03T15:37:00.2411910+02:00" start="2012-07-03T15:37:00.5022059+02:00" finish="2012-07-03T15:37:01.5582663+02:00" />
  <ResultSummary outcome="Failed">
    <Counters total="6" executed="6" passed="5" error="0" failed="1" timeout="0" aborted="0" inconclusive="0" passedButRunAborted="0" notRunnable="0" notExecuted="0" disconnected="0" warning="0" completed="0" inProgress="0" pending="0" />
  </ResultSummary>
  <TestDefinitions>
    <UnitTest name="QuickSortTest" storage="c:\users\omar\downloads\kruskalalgorithm\unittests\bin\debug\unittests.dll" id="bbb236b5-352b-71a3-4fd1-2f589762cea1">
      <Execution id="f0922db3-d275-4df9-b792-b14ae4fa666c" />
      <TestMethod codeBase="C:/Users/Omar/Downloads/KruskalAlgorithm/UnitTests/bin/Debug/UnitTests.DLL" adapterTypeName="Microsoft.VisualStudio.TestTools.TestTypes.Unit.UnitTestAdapter, Microsoft.VisualStudio.QualityTools.Tips.UnitTest.Adapter, Version=10.0.0.0, Culture=neutral, PublicKeyToken=b03f5f7f11d50a3a" className="UnitTests.KruskalTest, UnitTests, Version=1.0.0.0, Culture=neutral, PublicKeyToken=null" name="QuickSortTest" />
    </UnitTest>
    <UnitTest name="VertexConstructorTest" storage="c:\users\omar\downloads\kruskalalgorithm\unittests\bin\debug\unittests.dll" id="e32a97e2-bc53-e3e5-0d2d-e94f0d5c9e79">
      <Execution id="4e9a0836-7120-4622-bae7-3870554ce476" />
      <TestMethod codeBase="C:/Users/Omar/Downloads/KruskalAlgorithm/UnitTests/bin/Debug/UnitTests.DLL" adapterTypeName="Microsoft.VisualStudio.TestTools.TestTypes.Unit.UnitTestAdapter, Microsoft.VisualStudio.QualityTools.Tips.UnitTest.Adapter, Version=10.0.0.0, Culture=neutral, PublicKeyToken=b03f5f7f11d50a3a" className="UnitTests.VertexTest, UnitTests, Version=1.0.0.0, Culture=neutral, PublicKeyToken=null" name="VertexConstructorTest" />
    </UnitTest>
    <UnitTest name="JoinTest" storage="c:\users\omar\downloads\kruskalalgorithm\unittests\bin\debug\unittests.dll" id="20afa623-e4cd-64dd-57d9-3e5b66bfb31e">
      <Execution id="9159c376-0381-4c2b-8508-134c75eb06df" />
      <TestMethod codeBase="C:/Users/Omar/Downloads/KruskalAlgorithm/UnitTests/bin/Debug/UnitTests.DLL" adapterTypeName="Microsoft.VisualStudio.TestTools.TestTypes.Unit.UnitTestAdapter, Microsoft.VisualStudio.QualityTools.Tips.UnitTest.Adapter, Version=10.0.0.0, Culture=neutral, PublicKeyToken=b03f5f7f11d50a3a" className="UnitTests.VertexTest, UnitTests, Version=1.0.0.0, Culture=neutral, PublicKeyToken=null" name="JoinTest" />
    </UnitTest>
    <UnitTest name="GetRootTest" storage="c:\users\omar\downloads\kruskalalgorithm\unittests\bin\debug\unittests.dll" id="9a2a4324-7bde-9902-e1d1-b8ac4486169a">
      <Execution id="2f6cbae3-2ba4-4af4-bdd9-24a4ac2c3780" />
      <TestMethod codeBase="C:/Users/Omar/Downloads/KruskalAlgorithm/UnitTests/bin/Debug/UnitTests.DLL" adapterTypeName="Microsoft.VisualStudio.TestTools.TestTypes.Unit.UnitTestAdapter, Microsoft.VisualStudio.QualityTools.Tips.UnitTest.Adapter, Version=10.0.0.0, Culture=neutral, PublicKeyToken=b03f5f7f11d50a3a" className="UnitTests.VertexTest, UnitTests, Version=1.0.0.0, Culture=neutral, PublicKeyToken=null" name="GetRootTest" />
    </UnitTest>
    <UnitTest name="EdgeConstructorTest" storage="c:\users\omar\downloads\kruskalalgorithm\unittests\bin\debug\unittests.dll" id="76951416-b9ab-b723-fa03-cff84c86d7b9">
      <Execution id="7f280b5b-5de6-4009-9731-03249c109905" />
      <TestMethod codeBase="C:/Users/Omar/Downloads/KruskalAlgorithm/UnitTests/bin/Debug/UnitTests.DLL" adapterTypeName="Microsoft.VisualStudio.TestTools.TestTypes.Unit.UnitTestAdapter, Microsoft.VisualStudio.QualityTools.Tips.UnitTest.Adapter, Version=10.0.0.0, Culture=neutral, PublicKeyToken=b03f5f7f11d50a3a" className="UnitTests.EdgeTest, UnitTests, Version=1.0.0.0, Culture=neutral, PublicKeyToken=null" name="EdgeConstructorTest" />
    </UnitTest>
    <UnitTest name="SolveTest" storage="c:\users\omar\downloads\kruskalalgorithm\unittests\bin\debug\unittests.dll" id="cbe29bfd-dc07-6cdc-730f-2d4d4d6932b7">
      <Execution id="2090a592-58d0-4c28-aded-65f1b1b0ec59" />
      <TestMethod codeBase="C:/Users/Omar/Downloads/KruskalAlgorithm/UnitTests/bin/Debug/UnitTests.DLL" adapterTypeName="Microsoft.VisualStudio.TestTools.TestTypes.Unit.UnitTestAdapter, Microsoft.VisualStudio.QualityTools.Tips.UnitTest.Adapter, Version=10.0.0.0, Culture=neutral, PublicKeyToken=b03f5f7f11d50a3a" className="UnitTests.KruskalTest, UnitTests, Version=1.0.0.0, Culture=neutral, PublicKeyToken=null" name="SolveTest" />
    </UnitTest>
  </TestDefinitions>
  <TestLists>
    <TestList name="Results Not in a List" id="8c84fa94-04c1-424b-9868-57a2d4851a1d" />
    <TestList name="All Loaded Results" id="19431567-8539-422a-85d7-44ee4e166bda" />
  </TestLists>
  <TestEntries>
    <TestEntry testId="20afa623-e4cd-64dd-57d9-3e5b66bfb31e" executionId="9159c376-0381-4c2b-8508-134c75eb06df" testListId="8c84fa94-04c1-424b-9868-57a2d4851a1d" />
    <TestEntry testId="76951416-b9ab-b723-fa03-cff84c86d7b9" executionId="7f280b5b-5de6-4009-9731-03249c109905" testListId="8c84fa94-04c1-424b-9868-57a2d4851a1d" />
    <TestEntry testId="9a2a4324-7bde-9902-e1d1-b8ac4486169a" executionId="2f6cbae3-2ba4-4af4-bdd9-24a4ac2c3780" testListId="8c84fa94-04c1-424b-9868-57a2d4851a1d" />
    <TestEntry testId="bbb236b5-352b-71a3-4fd1-2f589762cea1" executionId="f0922db3-d275-4df9-b792-b14ae4fa666c" testListId="8c84fa94-04c1-424b-9868-57a2d4851a1d" />
    <TestEntry testId="cbe29bfd-dc07-6cdc-730f-2d4d4d6932b7" executionId="2090a592-58d0-4c28-aded-65f1b1b0ec59" testListId="8c84fa94-04c1-424b-9868-57a2d4851a1d" />
    <TestEntry testId="e32a97e2-bc53-e3e5-0d2d-e94f0d5c9e79" executionId="4e9a0836-7120-4622-bae7-3870554ce476" testListId="8c84fa94-04c1-424b-9868-57a2d4851a1d" />
  </TestEntries>
  <Results>
    <UnitTestResult executionId="9159c376-0381-4c2b-8508-134c75eb06df" testId="20afa623-e4cd-64dd-57d9-3e5b66bfb31e" testName="JoinTest" computerName="OMAR-PC" duration="00:00:00.0367632" startTime="2012-07-03T15:37:00.5272073+02:00" endTime="2012-07-03T15:37:01.2672496+02:00" testType="13cdc9d9-ddb5-4fa4-a97d-d965ccfc6d4b" outcome="Passed" testListId="8c84fa94-04c1-424b-9868-57a2d4851a1d" relativeResultsDirectory="9159c376-0381-4c2b-8508-134c75eb06df">
    </UnitTestResult>
    <UnitTestResult executionId="7f280b5b-5de6-4009-9731-03249c109905" testId="76951416-b9ab-b723-fa03-cff84c86d7b9" testName="EdgeConstructorTest" computerName="OMAR-PC" duration="00:00:00.0076313" startTime="2012-07-03T15:37:01.2682497+02:00" endTime="2012-07-03T15:37:01.2882508+02:00" testType="13cdc9d9-ddb5-4fa4-a97d-d965ccfc6d4b" outcome="Passed" testListId="8c84fa94-04c1-424b-9868-57a2d4851a1d" relativeResultsDirectory="7f280b5b-5de6-4009-9731-03249c109905">
    </UnitTestResult>
    <UnitTestResult executionId="2f6cbae3-2ba4-4af4-bdd9-24a4ac2c3780" testId="9a2a4324-7bde-9902-e1d1-b8ac4486169a" testName="GetRootTest" computerName="OMAR-PC" duration="00:00:00.0009185" startTime="2012-07-03T15:37:01.2902510+02:00" endTime="2012-07-03T15:37:01.2992515+02:00" testType="13cdc9d9-ddb5-4fa4-a97d-d965ccfc6d4b" outcome="Passed" testListId="8c84fa94-04c1-424b-9868-57a2d4851a1d" relativeResultsDirectory="2f6cbae3-2ba4-4af4-bdd9-24a4ac2c3780">
    </UnitTestResult>
    <UnitTestResult executionId="f0922db3-d275-4df9-b792-b14ae4fa666c" testId="bbb236b5-352b-71a3-4fd1-2f589762cea1" testName="QuickSortTest" computerName="OMAR-PC" duration="00:00:00.0207252" startTime="2012-07-03T15:37:01.3012516+02:00" endTime="2012-07-03T15:37:01.3292532+02:00" testType="13cdc9d9-ddb5-4fa4-a97d-d965ccfc6d4b" outcome="Passed" testListId="8c84fa94-04c1-424b-9868-57a2d4851a1d" relativeResultsDirectory="f0922db3-d275-4df9-b792-b14ae4fa666c">
    </UnitTestResult>
    <UnitTestResult executionId="2090a592-58d0-4c28-aded-65f1b1b0ec59" testId="cbe29bfd-dc07-6cdc-730f-2d4d4d6932b7" testName="SolveTest" computerName="OMAR-PC" duration="00:00:00.1297094" startTime="2012-07-03T15:37:01.3312533+02:00" endTime="2012-07-03T15:37:01.4692612+02:00" testType="13cdc9d9-ddb5-4fa4-a97d-d965ccfc6d4b" outcome="Failed" testListId="8c84fa94-04c1-424b-9868-57a2d4851a1d" relativeResultsDirectory="2090a592-58d0-4c28-aded-65f1b1b0ec59">
      <Output>
        <ErrorInfo>
          <Message>Assert.AreEqual failed. Expected:&lt;39&gt;. Actual:&lt;90&gt;. </Message>
          <StackTrace>   at UnitTests.KruskalTest.SolveTest() in C:\Users\Omar\Downloads\KruskalAlgorithm\UnitTests\AlgorithmTest\KruskalTest.cs:line 38
</StackTrace>
        </ErrorInfo>
      </Output>
    </UnitTestResult>
    <UnitTestResult executionId="4e9a0836-7120-4622-bae7-3870554ce476" testId="e32a97e2-bc53-e3e5-0d2d-e94f0d5c9e79" testName="VertexConstructorTest" computerName="OMAR-PC" duration="00:00:00.0006124" startTime="2012-07-03T15:37:01.4702613+02:00" endTime="2012-07-03T15:37:01.4812619+02:00" testType="13cdc9d9-ddb5-4fa4-a97d-d965ccfc6d4b" outcome="Passed" testListId="8c84fa94-04c1-424b-9868-57a2d4851a1d" relativeResultsDirectory="4e9a0836-7120-4622-bae7-3870554ce476">
    </UnitTestResult>
  </Results>
</TestRun>