<?xml version="1.0" encoding="UTF-8"?>
<TestRun id="6d7353f9-0594-4826-8871-2b73f784215e" name="Omar@OMAR-PC 2012-07-03 16:06:02" runUser="Omar-PC\Omar" xmlns="http://microsoft.com/schemas/VisualStudio/TeamTest/2010">
  <TestSettings name="Local" id="e8b14e4a-3ec1-4273-9fab-e1255ea8e658">
    <Description>These are default test settings for a local test run.</Description>
    <Deployment enabled="false" runDeploymentRoot="Omar_OMAR-PC 2012-07-03 16_06_02">
      <DeploymentItem filename="C:\Users\Omar\Downloads\KruskalAlgorithm\Kruskal\bin\Debug\Kruskal.dll" />
    </Deployment>
    <Execution>
      <TestTypeSpecific />
      <AgentRule name="Execution Agents">
      </AgentRule>
    </Execution>
  </TestSettings>
  <Times creation="2012-07-03T16:06:02.2178263+02:00" queuing="2012-07-03T16:06:02.5418449+02:00" start="2012-07-03T16:06:02.6248496+02:00" finish="2012-07-03T16:06:03.3038884+02:00" />
  <ResultSummary outcome="Failed">
    <Counters total="6" executed="6" passed="5" error="0" failed="1" timeout="0" aborted="0" inconclusive="0" passedButRunAborted="0" notRunnable="0" notExecuted="0" disconnected="0" warning="0" completed="0" inProgress="0" pending="0" />
  </ResultSummary>
  <TestDefinitions>
    <UnitTest name="QuickSortTest" storage="c:\users\omar\downloads\kruskalalgorithm\unittests\bin\debug\unittests.dll" id="bbb236b5-352b-71a3-4fd1-2f589762cea1">
      <Execution id="3e365745-08b7-40f7-9d11-d6f8da8ba290" />
      <TestMethod codeBase="C:/Users/Omar/Downloads/KruskalAlgorithm/UnitTests/bin/Debug/UnitTests.DLL" adapterTypeName="Microsoft.VisualStudio.TestTools.TestTypes.Unit.UnitTestAdapter, Microsoft.VisualStudio.QualityTools.Tips.UnitTest.Adapter, Version=10.0.0.0, Culture=neutral, PublicKeyToken=b03f5f7f11d50a3a" className="UnitTests.KruskalTest, UnitTests, Version=1.0.0.0, Culture=neutral, PublicKeyToken=null" name="QuickSortTest" />
    </UnitTest>
    <UnitTest name="VertexConstructorTest" storage="c:\users\omar\downloads\kruskalalgorithm\unittests\bin\debug\unittests.dll" id="e32a97e2-bc53-e3e5-0d2d-e94f0d5c9e79">
      <Execution id="8df48a39-0f44-4e9f-a57b-fb258fb054fd" />
      <TestMethod codeBase="C:/Users/Omar/Downloads/KruskalAlgorithm/UnitTests/bin/Debug/UnitTests.DLL" adapterTypeName="Microsoft.VisualStudio.TestTools.TestTypes.Unit.UnitTestAdapter, Microsoft.VisualStudio.QualityTools.Tips.UnitTest.Adapter, Version=10.0.0.0, Culture=neutral, PublicKeyToken=b03f5f7f11d50a3a" className="UnitTests.VertexTest, UnitTests, Version=1.0.0.0, Culture=neutral, PublicKeyToken=null" name="VertexConstructorTest" />
    </UnitTest>
    <UnitTest name="JoinTest" storage="c:\users\omar\downloads\kruskalalgorithm\unittests\bin\debug\unittests.dll" id="20afa623-e4cd-64dd-57d9-3e5b66bfb31e">
      <Execution id="48fe8d1b-110e-47a4-bc5a-1eb5520316b9" />
      <TestMethod codeBase="C:/Users/Omar/Downloads/KruskalAlgorithm/UnitTests/bin/Debug/UnitTests.DLL" adapterTypeName="Microsoft.VisualStudio.TestTools.TestTypes.Unit.UnitTestAdapter, Microsoft.VisualStudio.QualityTools.Tips.UnitTest.Adapter, Version=10.0.0.0, Culture=neutral, PublicKeyToken=b03f5f7f11d50a3a" className="UnitTests.VertexTest, UnitTests, Version=1.0.0.0, Culture=neutral, PublicKeyToken=null" name="JoinTest" />
    </UnitTest>
    <UnitTest name="GetRootTest" storage="c:\users\omar\downloads\kruskalalgorithm\unittests\bin\debug\unittests.dll" id="9a2a4324-7bde-9902-e1d1-b8ac4486169a">
      <Execution id="975b9f19-5032-4fdb-b12d-4ad8c33d65be" />
      <TestMethod codeBase="C:/Users/Omar/Downloads/KruskalAlgorithm/UnitTests/bin/Debug/UnitTests.DLL" adapterTypeName="Microsoft.VisualStudio.TestTools.TestTypes.Unit.UnitTestAdapter, Microsoft.VisualStudio.QualityTools.Tips.UnitTest.Adapter, Version=10.0.0.0, Culture=neutral, PublicKeyToken=b03f5f7f11d50a3a" className="UnitTests.VertexTest, UnitTests, Version=1.0.0.0, Culture=neutral, PublicKeyToken=null" name="GetRootTest" />
    </UnitTest>
    <UnitTest name="EdgeConstructorTest" storage="c:\users\omar\downloads\kruskalalgorithm\unittests\bin\debug\unittests.dll" id="76951416-b9ab-b723-fa03-cff84c86d7b9">
      <Execution id="64906723-3412-48e5-af14-5c8853978390" />
      <TestMethod codeBase="C:/Users/Omar/Downloads/KruskalAlgorithm/UnitTests/bin/Debug/UnitTests.DLL" adapterTypeName="Microsoft.VisualStudio.TestTools.TestTypes.Unit.UnitTestAdapter, Microsoft.VisualStudio.QualityTools.Tips.UnitTest.Adapter, Version=10.0.0.0, Culture=neutral, PublicKeyToken=b03f5f7f11d50a3a" className="UnitTests.EdgeTest, UnitTests, Version=1.0.0.0, Culture=neutral, PublicKeyToken=null" name="EdgeConstructorTest" />
    </UnitTest>
    <UnitTest name="SolveTest" storage="c:\users\omar\downloads\kruskalalgorithm\unittests\bin\debug\unittests.dll" id="cbe29bfd-dc07-6cdc-730f-2d4d4d6932b7">
      <Execution id="aec1ef8f-17be-4704-96dd-b77e6339e1d1" />
      <TestMethod codeBase="C:/Users/Omar/Downloads/KruskalAlgorithm/UnitTests/bin/Debug/UnitTests.DLL" adapterTypeName="Microsoft.VisualStudio.TestTools.TestTypes.Unit.UnitTestAdapter, Microsoft.VisualStudio.QualityTools.Tips.UnitTest.Adapter, Version=10.0.0.0, Culture=neutral, PublicKeyToken=b03f5f7f11d50a3a" className="UnitTests.KruskalTest, UnitTests, Version=1.0.0.0, Culture=neutral, PublicKeyToken=null" name="SolveTest" />
    </UnitTest>
  </TestDefinitions>
  <TestLists>
    <TestList name="Results Not in a List" id="8c84fa94-04c1-424b-9868-57a2d4851a1d" />
    <TestList name="All Loaded Results" id="19431567-8539-422a-85d7-44ee4e166bda" />
  </TestLists>
  <TestEntries>
    <TestEntry testId="20afa623-e4cd-64dd-57d9-3e5b66bfb31e" executionId="48fe8d1b-110e-47a4-bc5a-1eb5520316b9" testListId="8c84fa94-04c1-424b-9868-57a2d4851a1d" />
    <TestEntry testId="76951416-b9ab-b723-fa03-cff84c86d7b9" executionId="64906723-3412-48e5-af14-5c8853978390" testListId="8c84fa94-04c1-424b-9868-57a2d4851a1d" />
    <TestEntry testId="9a2a4324-7bde-9902-e1d1-b8ac4486169a" executionId="975b9f19-5032-4fdb-b12d-4ad8c33d65be" testListId="8c84fa94-04c1-424b-9868-57a2d4851a1d" />
    <TestEntry testId="bbb236b5-352b-71a3-4fd1-2f589762cea1" executionId="3e365745-08b7-40f7-9d11-d6f8da8ba290" testListId="8c84fa94-04c1-424b-9868-57a2d4851a1d" />
    <TestEntry testId="cbe29bfd-dc07-6cdc-730f-2d4d4d6932b7" executionId="aec1ef8f-17be-4704-96dd-b77e6339e1d1" testListId="8c84fa94-04c1-424b-9868-57a2d4851a1d" />
    <TestEntry testId="e32a97e2-bc53-e3e5-0d2d-e94f0d5c9e79" executionId="8df48a39-0f44-4e9f-a57b-fb258fb054fd" testListId="8c84fa94-04c1-424b-9868-57a2d4851a1d" />
  </TestEntries>
  <Results>
    <UnitTestResult executionId="48fe8d1b-110e-47a4-bc5a-1eb5520316b9" testId="20afa623-e4cd-64dd-57d9-3e5b66bfb31e" testName="JoinTest" computerName="OMAR-PC" duration="00:00:00.0256349" startTime="2012-07-03T16:06:02.6488510+02:00" endTime="2012-07-03T16:06:03.1748811+02:00" testType="13cdc9d9-ddb5-4fa4-a97d-d965ccfc6d4b" outcome="Passed" testListId="8c84fa94-04c1-424b-9868-57a2d4851a1d" relativeResultsDirectory="48fe8d1b-110e-47a4-bc5a-1eb5520316b9">
    </UnitTestResult>
    <UnitTestResult executionId="64906723-3412-48e5-af14-5c8853978390" testId="76951416-b9ab-b723-fa03-cff84c86d7b9" testName="EdgeConstructorTest" computerName="OMAR-PC" duration="00:00:00.0015070" startTime="2012-07-03T16:06:03.1778812+02:00" endTime="2012-07-03T16:06:03.1908820+02:00" testType="13cdc9d9-ddb5-4fa4-a97d-d965ccfc6d4b" outcome="Passed" testListId="8c84fa94-04c1-424b-9868-57a2d4851a1d" relativeResultsDirectory="64906723-3412-48e5-af14-5c8853978390">
    </UnitTestResult>
    <UnitTestResult executionId="975b9f19-5032-4fdb-b12d-4ad8c33d65be" testId="9a2a4324-7bde-9902-e1d1-b8ac4486169a" testName="GetRootTest" computerName="OMAR-PC" duration="00:00:00.0005847" startTime="2012-07-03T16:06:03.1948822+02:00" endTime="2012-07-03T16:06:03.2018826+02:00" testType="13cdc9d9-ddb5-4fa4-a97d-d965ccfc6d4b" outcome="Passed" testListId="8c84fa94-04c1-424b-9868-57a2d4851a1d" relativeResultsDirectory="975b9f19-5032-4fdb-b12d-4ad8c33d65be">
    </UnitTestResult>
    <UnitTestResult executionId="3e365745-08b7-40f7-9d11-d6f8da8ba290" testId="bbb236b5-352b-71a3-4fd1-2f589762cea1" testName="QuickSortTest" computerName="OMAR-PC" duration="00:00:00.0126873" startTime="2012-07-03T16:06:03.2038827+02:00" endTime="2012-07-03T16:06:03.2238839+02:00" testType="13cdc9d9-ddb5-4fa4-a97d-d965ccfc6d4b" outcome="Passed" testListId="8c84fa94-04c1-424b-9868-57a2d4851a1d" relativeResultsDirectory="3e365745-08b7-40f7-9d11-d6f8da8ba290">
    </UnitTestResult>
    <UnitTestResult executionId="aec1ef8f-17be-4704-96dd-b77e6339e1d1" testId="cbe29bfd-dc07-6cdc-730f-2d4d4d6932b7" testName="SolveTest" computerName="OMAR-PC" duration="00:00:00.0296111" startTime="2012-07-03T16:06:03.2248839+02:00" endTime="2012-07-03T16:06:03.2628861+02:00" testType="13cdc9d9-ddb5-4fa4-a97d-d965ccfc6d4b" outcome="Failed" testListId="8c84fa94-04c1-424b-9868-57a2d4851a1d" relativeResultsDirectory="aec1ef8f-17be-4704-96dd-b77e6339e1d1">
      <Output>
        <ErrorInfo>
          <Message>Assert.AreEqual failed. Expected:&lt;39&gt;. Actual:&lt;90&gt;. </Message>
          <StackTrace>   at UnitTests.KruskalTest.SolveTest() in C:\Users\Omar\Downloads\KruskalAlgorithm\UnitTests\AlgorithmTest\KruskalTest.cs:line 38
</StackTrace>
        </ErrorInfo>
      </Output>
    </UnitTestResult>
    <UnitTestResult executionId="8df48a39-0f44-4e9f-a57b-fb258fb054fd" testId="e32a97e2-bc53-e3e5-0d2d-e94f0d5c9e79" testName="VertexConstructorTest" computerName="OMAR-PC" duration="00:00:00.0005470" startTime="2012-07-03T16:06:03.2638861+02:00" endTime="2012-07-03T16:06:03.2698865+02:00" testType="13cdc9d9-ddb5-4fa4-a97d-d965ccfc6d4b" outcome="Passed" testListId="8c84fa94-04c1-424b-9868-57a2d4851a1d" relativeResultsDirectory="8df48a39-0f44-4e9f-a57b-fb258fb054fd">
    </UnitTestResult>
  </Results>
</TestRun>